// Jest Snapshot v1, https://goo.gl/fbAQLP

exports[`HxCheckbox renders correctly 1`] = `"<hx-checkbox></hx-checkbox>"`;
