// Jest Snapshot v1, https://goo.gl/fbAQLP

exports[`HxSearch renders correctly 1`] = `"<hx-search></hx-search>"`;
